// Jest Snapshot v1, https://goo.gl/fbAQLP

exports[`renders correctly 1`] = `
<View
  style={
    Object {
      "backgroundColor": "#ffffff",
      "flex": 1,
    }
  }
>
  <RCTSafeAreaView
    emulateUnlessSupported={true}
  />
  <View
    style={
      Object {
        "alignItems": "center",
        "height": "50%",
        "justifyContent": "flex-end",
      }
    }
  >
    <Image
      source={
        Object {
          "testUri": "../../../src/assets/welcome1.jpeg",
        }
      }
      style={
        Object {
          "height": "60%",
          "width": "80%",
        }
      }
    />
  </View>
  <View
    style={
      Object {
        "height": "35%",
      }
    }
  >
    <View
      style={
        Object {
          "marginLeft": 20,
          "marginRight": 30,
          "padding": 10,
        }
      }
    >
      <Text
        style={
          Object {
            "color": "#55b1f8",
            "fontSize": 18,
            "fontWeight": "bold",
          }
        }
      >
        Welcome
      </Text>
    </View>
    <View
      style={
        Object {
          "marginLeft": 20,
          "marginRight": 30,
          "padding": 10,
        }
      }
    >
      <Text
        style={
          Object {
            "color": "#7190a3",
            "fontSize": 12,
            "textAlign": "justify",
          }
        }
      >
        Lorem ipsum dolor sit amet, consectetur adipiscing elit. Fusce at nulla fringilla dui consequat luctus. Lorem ipsum dolor sit amet, consectetur adipiscing elit.
      </Text>
    </View>
  </View>
  <View
    style={
      Object {
        "height": "15%",
      }
    }
  >
    <View
      accessible={true}
      collapsable={false}
      focusable={true}
      nativeID="animatedComponent"
      onClick={[Function]}
      onResponderGrant={[Function]}
      onResponderMove={[Function]}
      onResponderRelease={[Function]}
      onResponderTerminate={[Function]}
      onResponderTerminationRequest={[Function]}
      onStartShouldSetResponder={[Function]}
      style={
        Object {
          "backgroundColor": "#55b1f8",
          "borderRadius": 5,
          "marginLeft": 20,
          "marginRight": 30,
          "opacity": 1,
          "padding": 15,
        }
      }
      testID="nextButton"
    >
      <Text
        style={
          Object {
            "color": "#fff",
            "fontSize": 15,
            "fontWeight": "bold",
            "textAlign": "center",
          }
        }
      >
        Next
      </Text>
    </View>
  </View>
</View>
`;
